
> contractor-companion@0.1.0 build
> next build

Γû▓ Next.js 16.1.6 (Turbopack)
- Environments: .env.local, .env

node.exe : ΓÜá The "middleware" file convention is deprecated. Please use "proxy" instead. Learn more: 
https://nextjs.org/docs/messages/middleware-to-proxy
At C:\Program Files\nodejs\npm.ps1:29 char:3
+   & $NODE_EXE $NPM_CLI_JS $args
+   ~~~~~~~~~~~~~~~~~~~~~~~~~~~~~
    + CategoryInfo          : NotSpecified: (ΓÜá The "middle...leware-to-proxy:String) [], RemoteException
    + FullyQualifiedErrorId : NativeCommandError
 
  Creating an optimized production build ...
Γ£ô Compiled successfully in 10.9s
  Running TypeScript ...
  Collecting page data using 7 workers ...
  Generating static pages using 7 workers (0/15) ...
  Generating static pages using 7 workers (3/15) 
Error occurred prerendering page "/app/dashboard". Read more: https://nextjs.org/docs/messages/prerender-error
Error: @clerk/clerk-react: Missing publishableKey. You can get your key at 
https://dashboard.clerk.com/last-active?path=api-keys.
    at ignore-listed frames {
  digest: '722393174'
}
Export encountered an error on /app/dashboard/page: /app/dashboard, exiting the build.
Γ¿» Next.js build worker exited with code: 1 and signal: null
